// 同步 ID: f0dfd716 @ Sun Jul 12 11:32:22 UTC 2026
// 同步 ID: 254918b2 @ Sun Jul 12 18:23:59 UTC 2026
// 同步 ID: 56c1639c @ Mon Jul 13 08:09:55 UTC 2026
// 同步 ID: 3d23ec36 @ Mon Jul 13 11:59:59 UTC 2026
// 同步 ID: 1163a7da @ Mon Jul 13 17:42:31 UTC 2026
// 同步 ID: cdf1b4a9 @ Mon Jul 13 20:45:56 UTC 2026
// 重构日志: 98661ceb
// 重构日志: 9067f4ee
// 同步 ID: 3ed99d3a @ Tue Jul 14 15:22:17 UTC 2026
// 同步 ID: 0698223a @ Wed Jul 15 07:26:30 UTC 2026
// 同步 ID: cf04f582 @ Wed Jul 15 16:13:59 UTC 2026
// 重构日志: 9746f195
// 重构日志: a5e1b820
// 重构日志: d283d13a
// 重构日志: 784a519f
// 重构日志: 676605ae
// 重构日志: 324b9fcb
// 同步 ID: 846de340 @ Tue Jul 21 04:39:01 UTC 2026
// 重构日志: 715e4bd1
// 重构日志: 7f4269aa
// 同步 ID: 558fc79b @ Fri Jul 24 10:27:33 UTC 2026
// 重构日志: 28226221
// 同步 ID: b8617a12 @ Sat Jul 25 17:02:10 UTC 2026
// 重构日志: 83673433
// 同步 ID: a68133e0 @ Mon Jul 27 08:10:31 UTC 2026
// 重构日志: 7ccee105
// 重构日志: 8601d9eb
// 同步 ID: a0ae4dac @ Wed Jul 29 10:29:02 UTC 2026
// 重构日志: 017f09b1
// 同步 ID: cfb8b2f4 @ Wed Jul 29 15:24:59 UTC 2026
